{"level":"info","message":"GET /","timestamp":"2025-11-17T21:28:01.373Z"}
{"level":"info","message":"GET /api/porduct","timestamp":"2025-11-17T21:28:23.345Z"}
{"level":"info","message":"GET /api/product","timestamp":"2025-11-17T21:28:31.300Z"}
{"level":"info","message":"GET /favicon.ico","timestamp":"2025-11-17T21:28:31.637Z"}
{"level":"info","message":"POST /api/auth/register","timestamp":"2025-11-17T22:51:36.789Z"}
{"level":"info","message":"POST /api/auth/register","timestamp":"2025-11-17T22:55:54.878Z"}
{"level":"info","message":"POST /api/auth/register","timestamp":"2025-11-17T22:56:52.500Z"}
{"level":"info","message":"POST /api/auth/register","timestamp":"2025-11-17T22:58:03.924Z"}
{"level":"info","message":"POST /api/auth/register","timestamp":"2025-11-17T23:00:09.036Z"}
{"level":"info","message":"POST /api/auth/register","timestamp":"2025-11-17T23:03:02.025Z"}
{"level":"info","message":"GET /","timestamp":"2025-11-19T21:33:32.711Z"}
{"level":"info","message":"GET /favicon.ico","timestamp":"2025-11-19T21:33:33.104Z"}
{"level":"info","message":"GET /health","timestamp":"2025-11-19T21:33:44.701Z"}
{"level":"info","message":"GET /health","timestamp":"2025-11-19T21:34:23.873Z"}
{"level":"info","message":"GET /health","timestamp":"2025-11-19T21:36:02.539Z"}
{"level":"info","message":"GET /health","timestamp":"2025-11-19T21:36:33.438Z"}
{"level":"info","message":"GET /health","timestamp":"2025-11-19T21:36:40.556Z"}
{"level":"info","message":"GET /health","timestamp":"2025-11-19T21:36:41.792Z"}
{"level":"info","message":"GET /health","timestamp":"2025-11-19T21:36:43.414Z"}
{"level":"info","message":"GET /health","timestamp":"2025-11-19T21:36:44.486Z"}
{"level":"info","message":"GET /health","timestamp":"2025-11-19T21:36:45.542Z"}
{"level":"info","message":"GET /api/category/691e4322094c5298c74048a2","timestamp":"2025-11-19T22:31:02.290Z"}
{"level":"info","message":"GET /api/category/691e4322094c5298c74048a2","timestamp":"2025-11-19T22:31:44.766Z"}
{"level":"info","message":"GET /api/category/691e4322094c5298c74048a2","timestamp":"2025-11-19T22:33:01.357Z"}
{"level":"info","message":"GET /api/category/691e4322094c5298c74048a2","timestamp":"2025-11-19T22:34:03.968Z"}
{"level":"info","message":"GET /api/category/691e4322094c5298c74048a2","timestamp":"2025-11-19T22:34:59.524Z"}
{"level":"info","message":"GET /api/category/691e4322094c5298c74048a2","timestamp":"2025-11-19T22:36:07.160Z"}
{"level":"info","message":"GET /api/category/691e4322094c5298c74048a2","timestamp":"2025-11-19T22:37:14.092Z"}
{"level":"info","message":"GET /api/category/691e4322094c5298c74048a2","timestamp":"2025-11-19T22:37:47.427Z"}
{"level":"info","message":"POST /api/category","timestamp":"2025-11-19T22:38:19.336Z"}
{"level":"info","message":"POST /api/category","timestamp":"2025-11-19T22:39:12.626Z"}
{"level":"info","message":"GET /api/category/691e471070b62bb0c6178a5f","timestamp":"2025-11-19T22:39:23.662Z"}
{"level":"info","message":"POST /api/category","timestamp":"2025-11-19T22:40:01.526Z"}
{"level":"info","message":"POST /api/category","timestamp":"2025-11-19T22:40:06.909Z"}
{"level":"info","message":"POST /api/category","timestamp":"2025-11-19T22:40:09.273Z"}
{"level":"info","message":"POST /api/category","timestamp":"2025-11-19T22:40:12.044Z"}
{"level":"info","message":"GET /api/category","timestamp":"2025-11-19T22:40:58.658Z"}
{"level":"info","message":"GET /api/category/691e471070b62bb0c6178a5f","timestamp":"2025-11-19T22:43:14.452Z"}
{"level":"info","message":"GET /api/category/691e471070b62bb0c6178a5f","timestamp":"2025-11-19T22:43:39.381Z"}
{"level":"info","message":"GET /api/category/691e471070b62bb0c6178a5f","timestamp":"2025-11-19T22:44:34.254Z"}
{"level":"info","message":"GET /api/category/691e471070b62bb0c6178a5f","timestamp":"2025-11-19T22:48:32.914Z"}
{"level":"info","message":"GET /api/category/691e471070b62bb0c6178a5fa","timestamp":"2025-11-19T22:52:30.799Z"}
{"level":"info","message":"GET /api/category/691e471070b62bb0c6178a5f","timestamp":"2025-11-19T22:54:44.915Z"}
{"level":"info","message":"POST /api/product","timestamp":"2025-11-19T22:55:16.636Z"}
{"level":"info","message":"POST /api/product","timestamp":"2025-11-19T22:55:57.164Z"}
{"level":"info","message":"POST /api/product","timestamp":"2025-11-19T22:57:04.822Z"}
{"level":"info","message":"POST /api/product","timestamp":"2025-11-19T22:59:04.023Z"}
{"level":"info","message":"POST /api/product","timestamp":"2025-11-19T23:00:00.899Z"}
{"level":"info","message":"POST /api/product","timestamp":"2025-11-19T23:00:34.414Z"}
{"level":"info","message":"POST /api/product","timestamp":"2025-11-19T23:01:01.501Z"}
{"level":"info","message":"POST /api/product","timestamp":"2025-11-19T23:01:59.658Z"}
{"level":"info","message":"POST /api/product","timestamp":"2025-11-19T23:03:48.061Z"}
{"level":"info","message":"POST /api/product","timestamp":"2025-11-19T23:06:18.195Z"}
{"level":"info","message":"POST /api/product","timestamp":"2025-11-19T23:06:45.012Z"}
